[dotenv@17.2.3] injecting env (34) from .env -- tip: ≡ƒöÉ encrypt with Dotenvx: https://dotenvx.com
